// Jest Snapshot v1, https://goo.gl/fbAQLP

exports[`Search matches snapshot 1`] = `"<div class=\\"container\\"><div class=\\"search\\"><img src=\\"cross.svg\\" alt=\\"close\\"/><div class=\\"searchInputWithIcon\\"><input type=\\"text\\" class=\\"searchInput\\"/><img src=\\"search.svg\\" alt=\\"search\\"/></div></div><p>Latest</p><p>We recommend</p></div>"`;

exports[`SearchItem matches snapshot 1`] = `"<div class=\\"searchItem\\"><img src=\\"/icons/type/boat.svg\\" alt=\\"info icon\\" class=\\"infoImage\\"/><div class=\\"infoContainer\\"><div class=\\"name\\"><span></span><mark>Vene</mark><span>paikka</span></div><div class=\\"address\\">Helsinki</div></div></div>"`;
