// Jest Snapshot v1, https://goo.gl/fbAQLP

exports[`CategoryNavigation renders without crashing 1`] = `"<div class=\\"slick-slider categoryNavigationSlider slick-initialized\\"><div class=\\"slick-list\\"><div class=\\"slick-track\\" style=\\"width:100%;left:0%\\"><div data-index=\\"0\\" class=\\"slick-slide slick-active slick-current\\" tabindex=\\"-1\\" aria-hidden=\\"false\\" style=\\"outline:none;width:100%\\"><div><div tabindex=\\"-1\\" style=\\"width:100%;display:inline-block\\"><div role=\\"button\\" class=\\"categoryContainer\\" tabindex=\\"0\\"><div class=\\"categoryIconContainer\\"><svg class=\\"bigIcon\\">icon-location.svg</svg></div><div class=\\"categoryName\\">Islands</div></div></div></div></div></div></div></div>"`;
