// Jest Snapshot v1, https://goo.gl/fbAQLP

exports[`Filter matches snapshot 1`] = `"<div class=\\"container\\"><div class=\\"headerContainer\\"><div>Suodattimet</div><div>Saaret</div></div><div class=\\"optionContainer\\"><div><div>Kulkuyhteydet saariin</div><div><button class=\\"filterOption\\">Vesibussi</button><button class=\\"filterOption\\">Lautta</button><button class=\\"filterOption\\">Silta</button></div></div><div><div>Palvelut saarissa</div><div><button class=\\"filterOption\\">Ravintola</button><button class=\\"filterOption\\">Kahvila</button><button class=\\"filterOption\\">Sauna</button></div></div><div><div>Retkeily</div><div><button class=\\"filterOption\\">Telttailu sallittu</button><button class=\\"filterOption\\">Kaivo</button></div></div></div><div class=\\"footerContainer\\"><button class=\\"clearButton\\">Tyhjennä</button><button class=\\"showButton\\">Näytä 4</button></div></div>"`;
